src/commands/profile.ts(20,34): error TS2339: Property 'get' does not exist on type 'DatabaseManager'.
src/commands/profile.ts(21,36): error TS2339: Property 'get' does not exist on type 'DatabaseManager'.
src/commands/profile.ts(22,38): error TS2339: Property 'get' does not exist on type 'DatabaseManager'.
src/commands/profile.ts(26,40): error TS2339: Property 'get' does not exist on type 'DatabaseManager'.
